Program [line 1]
SYM TABLE:
 print_int : (int) -> void
 print_bool : (bool) -> void
 print_str : (str) -> void
 main : () -> int

  FuncDecl name="main" return_type=int parameters={} [line 2]
  SYM TABLE:

    Block [line 2]
    SYM TABLE:
     a : int
     b : bool

        Block [line 7]
        SYM TABLE:

            Block [line 8]
            SYM TABLE:

                Block [line 10]
                SYM TABLE:

                Block [line 11]
                SYM TABLE:

