Program [line 1]
SYM TABLE:
 print_int : (int) -> void
 print_bool : (bool) -> void
 print_str : (str) -> void
 main : () -> int

  FuncDecl name="main" return_type=int parameters={} [line 1]
  SYM TABLE:

    Block [line 1]
    SYM TABLE:
     i : int

        Block [line 3]
        SYM TABLE:
         j : int

            Block [line 5]
            SYM TABLE:

                Block [line 6]
                SYM TABLE:

                Block [line 7]
                SYM TABLE:

