main:
  push BP
  i2i SP => BP
  addI SP, -24 => SP
  loadI 17 => r0
  neg r0 => r1
  loadI 5 => r2
  div r1, r2 => r4
  mult r2, r4 => r5
  sub r1, r5 => r3
  storeAI r3 => [BP-8]
  loadI 17 => r6
  loadI 5 => r7
  neg r7 => r8
  div r6, r8 => r10
  mult r8, r10 => r11
  sub r6, r11 => r9
  storeAI r9 => [BP-16]
  loadI 17 => r12
  neg r12 => r13
  loadI 5 => r14
  neg r14 => r15
  div r13, r15 => r17
  mult r15, r17 => r18
  sub r13, r18 => r16
  storeAI r16 => [BP-24]
  loadAI [BP-8] => r19
  loadAI [BP-16] => r20
  add r19, r20 => r21
  loadAI [BP-24] => r22
  add r21, r22 => r23
  i2i r23 => RET
  jump l0
l0:
  i2i BP => SP
  pop BP
  return
