main:
  push BP
  i2i SP => BP
  addI SP, -8 => SP
  loadI 5 => r0
  storeAI r0 => [BP-8]
  loadI 1 => r1
  loadI 2 => r2
  cmp_LT r1, r2 => r3
  cbr r3 => l1, l2
l1:
  loadAI [BP-8] => r4
  loadI 10 => r5
  add r4, r5 => r6
  storeAI r6 => [BP-8]
  jump l3
l2:
  loadI 0 => r7
  storeAI r7 => [BP-8]
l3:
  loadAI [BP-8] => r8
  i2i r8 => RET
  jump l0
l0:
  i2i BP => SP
  pop BP
  return
