main:
  push BP
  i2i SP => BP
  addI SP, -16 => SP
  loadI 0 => r0
  storeAI r0 => [BP-8]
  loadI 0 => r1
  storeAI r1 => [BP-16]
l1:
  loadAI [BP-8] => r2
  loadI 7 => r3
  cmp_LT r2, r3 => r4
  cbr r4 => l2, l3
l2:
  loadAI [BP-8] => r5
  loadI 5 => r6
  cmp_EQ r5, r6 => r7
  cbr r7 => l4, l5
l4:
  jump l3
l5:
  loadAI [BP-8] => r8
  loadI 2 => r9
  cmp_EQ r8, r9 => r10
  cbr r10 => l6, l7
l6:
  loadAI [BP-8] => r11
  loadI 1 => r12
  add r11, r12 => r13
  storeAI r13 => [BP-8]
  jump l1
l7:
  loadAI [BP-16] => r14
  loadAI [BP-8] => r15
  add r14, r15 => r16
  storeAI r16 => [BP-16]
  loadAI [BP-8] => r17
  loadI 1 => r18
  add r17, r18 => r19
  storeAI r19 => [BP-8]
  jump l1
l3:
  loadAI [BP-16] => r20
  i2i r20 => RET
  jump l0
l0:
  i2i BP => SP
  pop BP
  return
