main:
  push BP
  i2i SP => BP
  addI SP, -24 => SP
  loadI 0 => r0
  storeAI r0 => [BP-8]
  loadI 0 => r1
  storeAI r1 => [BP-24]
l1:
  loadAI [BP-8] => r2
  loadI 3 => r3
  cmp_LT r2, r3 => r4
  cbr r4 => l2, l3
l2:
  loadI 0 => r5
  storeAI r5 => [BP-16]
l4:
  loadAI [BP-16] => r6
  loadI 4 => r7
  cmp_LT r6, r7 => r8
  cbr r8 => l5, l6
l5:
  loadAI [BP-16] => r9
  loadI 1 => r10
  cmp_EQ r9, r10 => r11
  cbr r11 => l7, l8
l7:
  jump l6
  jump l9
l8:
  loadAI [BP-16] => r12
  loadI 1 => r13
  add r12, r13 => r14
  storeAI r14 => [BP-16]
  jump l4
l9:
  loadAI [BP-24] => r15
  loadI 100 => r16
  add r15, r16 => r17
  storeAI r17 => [BP-24]
  jump l4
l6:
  loadAI [BP-24] => r18
  loadI 10 => r19
  add r18, r19 => r20
  storeAI r20 => [BP-24]
  loadAI [BP-8] => r21
  loadI 1 => r22
  add r21, r22 => r23
  storeAI r23 => [BP-8]
  jump l1
l3:
  loadAI [BP-24] => r24
  i2i r24 => RET
  jump l0
l0:
  i2i BP => SP
  pop BP
  return
