main:
  push BP
  i2i SP => BP
  addI SP, 0 => SP
  loadI 7 => r0
  loadI 3 => r1
  div r0, r1 => r2
  loadI 7 => r3
  neg r3 => r4
  loadI 3 => r5
  div r4, r5 => r6
  add r2, r6 => r7
  loadI 7 => r8
  loadI 3 => r9
  neg r9 => r10
  div r8, r10 => r11
  add r7, r11 => r12
  loadI 7 => r13
  neg r13 => r14
  loadI 3 => r15
  neg r15 => r16
  div r14, r16 => r17
  add r12, r17 => r18
  i2i r18 => RET
  jump l0
l0:
  i2i BP => SP
  pop BP
  return
